sum = 2 rad = 1.85
sum = 2 rad = 1.85
sum = -2 rad = 1.85
sum = -2 rad = 1.85
sum = 2 rad = 1.85
sum = -2 rad = 1.85
