0) [0,0,0][9.10979,-4.04001,0.830691]-> 10
[0.0316581,-0.0140397,0.0028868] [0,0,0]
10) [0,0,0][9.17905,-4.07072,0.837007]-> 10.076
[0.0310945,-0.0137898,0.00283541] [0,0,0]
20) [0,0,0][9.24741,-4.10104,0.84324]-> 10.1511
[0.0305461,-0.0135466,0.0027854] [0,0,0]
30) [0,0,0][9.3149,-4.13097,0.849394]-> 10.2252
[0.0300177,-0.0133122,0.00273721] [0,0,0]
40) [0,0,0][9.38154,-4.16053,0.855472]-> 10.2983
[0.029508,-0.0130862,0.00269074] [0,0,0]
50) [0,0,0][9.44738,-4.18972,0.861475]-> 10.3706
[0.0290162,-0.0128681,0.00264589] [0,0,0]
60) [0,0,0][9.51242,-4.21857,0.867406]-> 10.442
[0.0285412,-0.0126574,0.00260258] [0,0,0]
70) [0,0,0][9.57669,-4.24707,0.873267]-> 10.5125
[0.0280822,-0.0124539,0.00256072] [0,0,0]
80) [0,0,0][9.64022,-4.27525,0.87906]-> 10.5823
[0.0276383,-0.012257,0.00252024] [0,0,0]
90) [0,0,0][9.70303,-4.3031,0.884787]-> 10.6512
[0.0272088,-0.0120666,0.00248108] [0,0,0]
100) [0,0,0][9.76513,-4.33064,0.89045]-> 10.7194
[0.026793,-0.0118822,0.00244316] [0,0,0]
110) [0,0,0][9.82656,-4.35788,0.896051]-> 10.7868
[0.0263902,-0.0117035,0.00240643] [0,0,0]
120) [0,0,0][9.88731,-4.38483,0.901591]-> 10.8535
[0.0259998,-0.0115304,0.00237083] [0,0,0]
130) [0,0,0][9.94743,-4.41149,0.907073]-> 10.9195
[0.0256212,-0.0113625,0.00233631] [0,0,0]
140) [0,0,0][10.0069,-4.43787,0.912497]-> 10.9848
[0.0252538,-0.0111996,0.00230281] [0,0,0]
150) [0,0,0][10.0658,-4.46397,0.917865]-> 11.0494
[0.0248972,-0.0110414,0.0022703] [0,0,0]
160) [0,0,0][10.1241,-4.48982,0.923179]-> 11.1134
[0.0245509,-0.0108878,0.00223872] [0,0,0]
170) [0,0,0][10.1818,-4.5154,0.92844]-> 11.1767
[0.0242144,-0.0107386,0.00220803] [0,0,0]
180) [0,0,0][10.2389,-4.54074,0.933649]-> 11.2394
[0.0238873,-0.0105935,0.0021782] [0,0,0]
190) [0,0,0][10.2954,-4.56583,0.938808]-> 11.3015
[0.0235692,-0.0104525,0.0021492] [0,0,0]
200) [0,0,0][10.3515,-4.59067,0.943917]-> 11.363
[0.0232597,-0.0103152,0.00212098] [0,0,0]
210) [0,0,0][10.407,-4.61529,0.948978]-> 11.424
[0.0229585,-0.0101816,0.00209351] [0,0,0]
220) [0,0,0][10.462,-4.63968,0.953992]-> 11.4843
[0.0226652,-0.0100516,0.00206676] [0,0,0]
230) [0,0,0][10.5165,-4.66384,0.958961]-> 11.5441
[0.0223795,-0.00992486,0.00204071] [0,0,0]
240) [0,0,0][10.5705,-4.68778,0.963884]-> 11.6034
[0.0221011,-0.0098014,0.00201533] [0,0,0]
250) [0,0,0][10.624,-4.71152,0.968764]-> 11.6621
[0.0218297,-0.00968106,0.00199058] [0,0,0]
260) [0,0,0][10.677,-4.73504,0.973601]-> 11.7204
[0.0215651,-0.00956371,0.00196645] [0,0,0]
270) [0,0,0][10.7296,-4.75836,0.978395]-> 11.7781
[0.021307,-0.00944924,0.00194292] [0,0,0]
280) [0,0,0][10.7817,-4.78148,0.983149]-> 11.8353
[0.0210552,-0.00933755,0.00191995] [0,0,0]
290) [0,0,0][10.8334,-4.8044,0.987862]-> 11.892
[0.0208093,-0.00922853,0.00189754] [0,0,0]
300) [0,0,0][10.8847,-4.82713,0.992536]-> 11.9483
[0.0205693,-0.00912208,0.00187565] [0,0,0]
310) [0,0,0][10.9355,-4.84968,0.997172]-> 12.0041
[0.0203349,-0.00901812,0.00185427] [0,0,0]
320) [0,0,0][10.9859,-4.87204,1.00177]-> 12.0595
[0.0201059,-0.00891655,0.00183339] [0,0,0]
330) [0,0,0][11.0359,-4.89422,1.00633]-> 12.1144
[0.019882,-0.00881729,0.00181298] [0,0,0]
340) [0,0,0][11.0855,-4.91622,1.01085]-> 12.1688
[0.0196632,-0.00872026,0.00179303] [0,0,0]
350) [0,0,0][11.1348,-4.93805,1.01534]-> 12.2229
[0.0194493,-0.00862538,0.00177352] [0,0,0]
360) [0,0,0][11.1836,-4.95971,1.0198]-> 12.2765
[0.0192401,-0.00853259,0.00175444] [0,0,0]
370) [0,0,0][11.2321,-4.9812,1.02422]-> 12.3297
[0.0190354,-0.0084418,0.00173577] [0,0,0]
380) [0,0,0][11.2802,-5.00254,1.0286]-> 12.3825
[0.018835,-0.00835297,0.0017175] [0,0,0]
390) [0,0,0][11.3279,-5.02371,1.03296]-> 12.4349
[0.018639,-0.00826601,0.00169963] [0,0,0]
400) [0,0,0][11.3753,-5.04472,1.03728]-> 12.4869
[0.018447,-0.00818088,0.00168212] [0,0,0]
410) [0,0,0][11.4223,-5.06558,1.04156]-> 12.5385
[0.018259,-0.00809751,0.00166498] [0,0,0]
420) [0,0,0][11.469,-5.08628,1.04582]-> 12.5898
[0.0180749,-0.00801584,0.00164819] [0,0,0]
430) [0,0,0][11.5154,-5.10684,1.05005]-> 12.6407
[0.0178945,-0.00793584,0.00163174] [0,0,0]
440) [0,0,0][11.5614,-5.12725,1.05425]-> 12.6912
[0.0177177,-0.00785743,0.00161562] [0,0,0]
450) [0,0,0][11.6071,-5.14751,1.05841]-> 12.7413
[0.0175444,-0.00778059,0.00159981] [0,0,0]
460) [0,0,0][11.6525,-5.16764,1.06255]-> 12.7912
[0.0173745,-0.00770525,0.00158432] [0,0,0]
470) [0,0,0][11.6975,-5.18762,1.06666]-> 12.8406
[0.0172079,-0.00763137,0.00156913] [0,0,0]
480) [0,0,0][11.7423,-5.20747,1.07074]-> 12.8897
[0.0170445,-0.00755891,0.00155424] [0,0,0]
490) [0,0,0][11.7867,-5.22719,1.07479]-> 12.9385
[0.0168843,-0.00748784,0.00153962] [0,0,0]
500) [0,0,0][11.8309,-5.24677,1.07882]-> 12.987
[0.016727,-0.0074181,0.00152528] [0,0,0]
510) [0,0,0][11.8748,-5.26622,1.08282]-> 13.0352
[0.0165727,-0.00734966,0.00151121] [0,0,0]
520) [0,0,0][11.9183,-5.28554,1.08679]-> 13.083
[0.0164212,-0.00728249,0.0014974] [0,0,0]
530) [0,0,0][11.9616,-5.30474,1.09074]-> 13.1305
[0.0162725,-0.00721654,0.00148384] [0,0,0]
540) [0,0,0][12.0046,-5.32381,1.09466]-> 13.1777
[0.0161265,-0.00715179,0.00147052] [0,0,0]
550) [0,0,0][12.0474,-5.34276,1.09856]-> 13.2246
[0.0159831,-0.0070882,0.00145745] [0,0,0]
560) [0,0,0][12.0898,-5.36159,1.10243]-> 13.2712
[0.0158423,-0.00702575,0.00144461] [0,0,0]
570) [0,0,0][12.132,-5.3803,1.10628]-> 13.3175
[0.0157039,-0.00696439,0.00143199] [0,0,0]
580) [0,0,0][12.1739,-5.3989,1.1101]-> 13.3636
[0.015568,-0.0069041,0.00141959] [0,0,0]
590) [0,0,0][12.2156,-5.41738,1.1139]-> 13.4093
[0.0154344,-0.00684485,0.00140741] [0,0,0]
600) [0,0,0][12.257,-5.43574,1.11768]-> 13.4548
[0.0153031,-0.00678662,0.00139544] [0,0,0]
610) [0,0,0][12.2982,-5.454,1.12143]-> 13.5
[0.015174,-0.00672937,0.00138367] [0,0,0]
620) [0,0,0][12.3391,-5.47214,1.12516]-> 13.5449
[0.0150471,-0.00667309,0.0013721] [0,0,0]
630) [0,0,0][12.3798,-5.49018,1.12887]-> 13.5895
[0.0149223,-0.00661775,0.00136072] [0,0,0]
640) [0,0,0][12.4202,-5.50811,1.13256]-> 13.6339
[0.0147996,-0.00656332,0.00134953] [0,0,0]
650) [0,0,0][12.4604,-5.52593,1.13622]-> 13.678
[0.0146789,-0.00650979,0.00133852] [0,0,0]
660) [0,0,0][12.5003,-5.54365,1.13987]-> 13.7219
[0.0145601,-0.00645712,0.00132769] [0,0,0]
670) [0,0,0][12.5401,-5.56127,1.14349]-> 13.7655
[0.0144433,-0.0064053,0.00131703] [0,0,0]
680) [0,0,0][12.5796,-5.57879,1.14709]-> 13.8089
[0.0143283,-0.00635431,0.00130655] [0,0,0]
690) [0,0,0][12.6189,-5.59621,1.15067]-> 13.852
[0.0142151,-0.00630413,0.00129623] [0,0,0]
700) [0,0,0][12.6579,-5.61353,1.15423]-> 13.8948
[0.0141038,-0.00625473,0.00128607] [0,0,0]
710) [0,0,0][12.6967,-5.63075,1.15777]-> 13.9375
[0.0139941,-0.00620611,0.00127608] [0,0,0]
720) [0,0,0][12.7354,-5.64788,1.1613]-> 13.9799
[0.0138862,-0.00615823,0.00126623] [0,0,0]
730) [0,0,0][12.7738,-5.66491,1.1648]-> 14.022
[0.0137799,-0.00611109,0.00125654] [0,0,0]
740) [0,0,0][12.812,-5.68185,1.16828]-> 14.064
[0.0136752,-0.00606467,0.00124699] [0,0,0]
750) [0,0,0][12.85,-5.6987,1.17174]-> 14.1057
[0.0135721,-0.00601895,0.00123759] [0,0,0]
760) [0,0,0][12.8877,-5.71546,1.17519]-> 14.1471
[0.0134705,-0.00597391,0.00122833] [0,0,0]
770) [0,0,0][12.9253,-5.73212,1.17862]-> 14.1884
[0.0133705,-0.00592954,0.00121921] [0,0,0]
780) [0,0,0][12.9627,-5.7487,1.18203]-> 14.2294
[0.0132719,-0.00588582,0.00121022] [0,0,0]
790) [0,0,0][12.9999,-5.7652,1.18542]-> 14.2703
[0.0131748,-0.00584275,0.00120136] [0,0,0]
800) [0,0,0][13.0369,-5.7816,1.18879]-> 14.3109
[0.013079,-0.00580029,0.00119263] [0,0,0]
810) [0,0,0][13.0737,-5.79792,1.19215]-> 14.3513
[0.0129847,-0.00575845,0.00118403] [0,0,0]
820) [0,0,0][13.1103,-5.81416,1.19549]-> 14.3914
[0.0128917,-0.00571721,0.00117555] [0,0,0]
830) [0,0,0][13.1467,-5.83031,1.19881]-> 14.4314
[0.0128,-0.00567655,0.00116719] [0,0,0]
840) [0,0,0][13.183,-5.84638,1.20211]-> 14.4712
[0.0127096,-0.00563647,0.00115895] [0,0,0]
850) [0,0,0][13.219,-5.86237,1.2054]-> 14.5108
[0.0126205,-0.00559694,0.00115082] [0,0,0]
860) [0,0,0][13.2549,-5.87828,1.20867]-> 14.5502
[0.0125326,-0.00555797,0.00114281] [0,0,0]
870) [0,0,0][13.2906,-5.89412,1.21193]-> 14.5894
[0.0124459,-0.00551953,0.0011349] [0,0,0]
880) [0,0,0][13.3261,-5.90987,1.21516]-> 14.6284
[0.0123605,-0.00548162,0.00112711] [0,0,0]
890) [0,0,0][13.3615,-5.92554,1.21839]-> 14.6672
[0.0122761,-0.00544422,0.00111942] [0,0,0]
900) [0,0,0][13.3966,-5.94114,1.2216]-> 14.7058
[0.0121929,-0.00540733,0.00111183] [0,0,0]
910) [0,0,0][13.4316,-5.95667,1.22479]-> 14.7442
[0.0121109,-0.00537093,0.00110435] [0,0,0]
920) [0,0,0][13.4665,-5.97212,1.22796]-> 14.7824
[0.0120299,-0.00533501,0.00109696] [0,0,0]
930) [0,0,0][13.5012,-5.98749,1.23113]-> 14.8205
[0.01195,-0.00529957,0.00108968] [0,0,0]
940) [0,0,0][13.5357,-6.00279,1.23427]-> 14.8584
[0.0118711,-0.00526459,0.00108249] [0,0,0]
950) [0,0,0][13.57,-6.01802,1.2374]-> 14.8961
[0.0117933,-0.00523007,0.00107539] [0,0,0]
960) [0,0,0][13.6042,-6.03318,1.24052]-> 14.9336
[0.0117164,-0.005196,0.00106838] [0,0,0]
970) [0,0,0][13.6382,-6.04827,1.24362]-> 14.9709
[0.0116406,-0.00516237,0.00106147] [0,0,0]
980) [0,0,0][13.6721,-6.06329,1.24671]-> 15.0081
[0.0115657,-0.00512916,0.00105464] [0,0,0]
990) [0,0,0][13.7058,-6.07824,1.24978]-> 15.0451
[0.0114918,-0.00509638,0.0010479] [0,0,0]
1000) [0,0,0][13.7393,-6.09312,1.25284]-> 15.0819
[0.0114188,-0.00506401,0.00104124] [0,0,0]
1010) [0,0,0][13.7727,-6.10793,1.25589]-> 15.1186
[0.0113467,-0.00503204,0.00103467] [0,0,0]
1020) [0,0,0][13.806,-6.12268,1.25892]-> 15.1551
[0.0112755,-0.00500047,0.00102818] [0,0,0]
1030) [0,0,0][13.8391,-6.13736,1.26194]-> 15.1914
[0.0112052,-0.0049693,0.00102177] [0,0,0]
1040) [0,0,0][13.872,-6.15198,1.26495]-> 15.2276
[0.0111358,-0.0049385,0.00101544] [0,0,0]
1050) [0,0,0][13.9049,-6.16653,1.26794]-> 15.2636
[0.0110672,-0.00490808,0.00100918] [0,0,0]
1060) [0,0,0][13.9375,-6.18101,1.27092]-> 15.2995
[0.0109994,-0.00487803,0.001003] [0,0,0]
1070) [0,0,0][13.97,-6.19543,1.27388]-> 15.3352
[0.0109325,-0.00484835,0.000996898] [0,0,0]
1080) [0,0,0][14.0024,-6.20979,1.27683]-> 15.3707
[0.0108664,-0.00481901,0.000990867] [0,0,0]
1090) [0,0,0][14.0347,-6.22409,1.27977]-> 15.4061
[0.010801,-0.00479003,0.000984908] [0,0,0]
1100) [0,0,0][14.0668,-6.23833,1.2827]-> 15.4414
[0.0107364,-0.00476139,0.000979019] [0,0,0]
1110) [0,0,0][14.0987,-6.2525,1.28562]-> 15.4765
[0.0106726,-0.00473309,0.0009732] [0,0,0]
1120) [0,0,0][14.1306,-6.26662,1.28852]-> 15.5114
[0.0106095,-0.00470512,0.000967448] [0,0,0]
1130) [0,0,0][14.1623,-6.28068,1.29141]-> 15.5462
[0.0105472,-0.00467747,0.000961763] [0,0,0]
1140) [0,0,0][14.1938,-6.29467,1.29429]-> 15.5808
[0.0104856,-0.00465014,0.000956144] [0,0,0]
1150) [0,0,0][14.2252,-6.30861,1.29715]-> 15.6153
[0.0104247,-0.00462313,0.00095059] [0,0,0]
1160) [0,0,0][14.2565,-6.32249,1.30001]-> 15.6497
[0.0103644,-0.00459642,0.000945099] [0,0,0]
1170) [0,0,0][14.2877,-6.33631,1.30285]-> 15.6839
[0.0103049,-0.00457002,0.00093967] [0,0,0]
1180) [0,0,0][14.3187,-6.35008,1.30568]-> 15.718
[0.010246,-0.00454392,0.000934303] [0,0,0]
1190) [0,0,0][14.3497,-6.36379,1.3085]-> 15.7519
[0.0101878,-0.0045181,0.000928995] [0,0,0]
1200) [0,0,0][14.3805,-6.37744,1.31131]-> 15.7857
[0.0101303,-0.00449258,0.000923747] [0,0,0]
1210) [0,0,0][14.4111,-6.39104,1.3141]-> 15.8194
[0.0100734,-0.00446734,0.000918557] [0,0,0]
1220) [0,0,0][14.4417,-6.40459,1.31689]-> 15.8529
[0.0100171,-0.00444238,0.000913425] [0,0,0]
1230) [0,0,0][14.4721,-6.41808,1.31966]-> 15.8863
[0.00996141,-0.00441769,0.000908348] [0,0,0]
1240) [0,0,0][14.5024,-6.43151,1.32242]-> 15.9195
[0.00990635,-0.00439327,0.000903327] [0,0,0]
1250) [0,0,0][14.5325,-6.44489,1.32517]-> 15.9527
[0.00985188,-0.00436911,0.00089836] [0,0,0]
1260) [0,0,0][14.5626,-6.45823,1.32792]-> 15.9857
[0.009798,-0.00434522,0.000893447] [0,0,0]
1270) [0,0,0][14.5925,-6.4715,1.33065]-> 16.0185
[0.0097447,-0.00432158,0.000888587] [0,0,0]
1280) [0,0,0][14.6224,-6.48473,1.33337]-> 16.0513
[0.00969197,-0.00429819,0.000883778] [0,0,0]
1290) [0,0,0][14.6521,-6.49791,1.33607]-> 16.0839
[0.00963979,-0.00427506,0.00087902] [0,0,0]
1300) [0,0,0][14.6817,-6.51103,1.33877]-> 16.1164
[0.00958817,-0.00425216,0.000874313] [0,0,0]
1310) [0,0,0][14.7112,-6.5241,1.34146]-> 16.1487
[0.00953708,-0.00422951,0.000869655] [0,0,0]
1320) [0,0,0][14.7405,-6.53713,1.34414]-> 16.181
[0.00948653,-0.00420709,0.000865046] [0,0,0]
1330) [0,0,0][14.7698,-6.5501,1.34681]-> 16.2131
[0.00943651,-0.0041849,0.000860484] [0,0,0]
1340) [0,0,0][14.7989,-6.56303,1.34946]-> 16.2451
[0.009387,-0.00416295,0.000855969] [0,0,0]
1350) [0,0,0][14.828,-6.57591,1.35211]-> 16.277
[0.009338,-0.00414122,0.000851501] [0,0,0]
1360) [0,0,0][14.8569,-6.58873,1.35475]-> 16.3087
[0.0092895,-0.00411971,0.000847079] [0,0,0]
1370) [0,0,0][14.8857,-6.60152,1.35738]-> 16.3403
[0.00924149,-0.00409842,0.000842701] [0,0,0]
1380) [0,0,0][14.9144,-6.61425,1.36]-> 16.3719
[0.00919397,-0.00407734,0.000838368] [0,0,0]
1390) [0,0,0][14.943,-6.62694,1.36261]-> 16.4033
[0.00914693,-0.00405648,0.000834078] [0,0,0]
1400) [0,0,0][14.9715,-6.63958,1.3652]-> 16.4346
[0.00910036,-0.00403583,0.000829831] [0,0,0]
1410) [0,0,0][14.9999,-6.65217,1.36779]-> 16.4657
[0.00905425,-0.00401538,0.000825627] [0,0,0]
1420) [0,0,0][15.0282,-6.66472,1.37037]-> 16.4968
[0.0090086,-0.00399513,0.000821464] [0,0,0]
1430) [0,0,0][15.0564,-6.67722,1.37295]-> 16.5277
[0.00896339,-0.00397509,0.000817342] [0,0,0]
1440) [0,0,0][15.0845,-6.68968,1.37551]-> 16.5586
[0.00891864,-0.00395524,0.000813261] [0,0,0]
1450) [0,0,0][15.1125,-6.70209,1.37806]-> 16.5893
[0.00887431,-0.00393558,0.000809219] [0,0,0]
1460) [0,0,0][15.1404,-6.71446,1.3806]-> 16.6199
[0.00883042,-0.00391612,0.000805217] [0,0,0]
1470) [0,0,0][15.1682,-6.72679,1.38314]-> 16.6504
[0.00878695,-0.00389684,0.000801253] [0,0,0]
1480) [0,0,0][15.1959,-6.73907,1.38566]-> 16.6808
[0.0087439,-0.00387775,0.000797328] [0,0,0]
1490) [0,0,0][15.2235,-6.75131,1.38818]-> 16.7111
[0.00870127,-0.00385884,0.000793439] [0,0,0]
1500) [0,0,0][15.251,-6.76351,1.39069]-> 16.7413
[0.00865903,-0.00384011,0.000789588] [0,0,0]
