0) [0,0,0][2.19188,9.01287,-3.73683]-> 10
[-0.00722275,-0.0296995,0.0123137] [0,0,0]
10) [0,0,0][2.17591,8.94718,-3.70959]-> 9.92712
[-0.00734142,-0.0301874,0.012516] [0,0,0]
20) [0,0,0][2.15975,8.88072,-3.68204]-> 9.85338
[-0.00746399,-0.0306914,0.012725] [0,0,0]
30) [0,0,0][2.14339,8.81348,-3.65416]-> 9.77877
[-0.00759074,-0.0312126,0.0129411] [0,0,0]
40) [0,0,0][2.12684,8.74542,-3.62594]-> 9.70326
[-0.00772188,-0.0317518,0.0131646] [0,0,0]
50) [0,0,0][2.11005,8.67639,-3.59732]-> 9.62667
[-0.00785793,-0.0323113,0.0133966] [0,0,0]
60) [0,0,0][2.09296,8.60612,-3.56819]-> 9.54871
[-0.00799961,-0.0328938,0.0136381] [0,0,0]
70) [0,0,0][2.07556,8.53458,-3.53852]-> 9.46933
[-0.0081473,-0.0335011,0.0138899] [0,0,0]
80) [0,0,0][2.05784,8.4617,-3.50831]-> 9.38846
[-0.0083014,-0.0341348,0.0141526] [0,0,0]
90) [0,0,0][2.03978,8.38742,-3.47751]-> 9.30606
[-0.00846237,-0.0347967,0.0144271] [0,0,0]
100) [0,0,0][2.02136,8.31169,-3.44611]-> 9.22203
[-0.00863069,-0.0354888,0.014714] [0,0,0]
110) [0,0,0][2.00257,8.23444,-3.41408]-> 9.13631
[-0.0088069,-0.0362133,0.0150144] [0,0,0]
120) [0,0,0][1.9834,8.15559,-3.38139]-> 9.04883
[-0.00899159,-0.0369728,0.0153293] [0,0,0]
130) [0,0,0][1.96381,8.07506,-3.348]-> 8.95948
[-0.00918541,-0.0377698,0.0156597] [0,0,0]
140) [0,0,0][1.9438,7.99278,-3.31389]-> 8.86819
[-0.0093891,-0.0386073,0.016007] [0,0,0]
150) [0,0,0][1.92334,7.90865,-3.27901]-> 8.77484
[-0.00960344,-0.0394887,0.0163724] [0,0,0]
160) [0,0,0][1.90241,7.82257,-3.24332]-> 8.67933
[-0.00982935,-0.0404176,0.0167575] [0,0,0]
170) [0,0,0][1.88097,7.73444,-3.20678]-> 8.58155
[-0.0100673,-0.0413959,0.0171632] [0,0,0]
180) [0,0,0][1.85901,7.64414,-3.16934]-> 8.48136
[-0.0103193,-0.0424322,0.0175928] [0,0,0]
190) [0,0,0][1.8365,7.55155,-3.13095]-> 8.37863
[-0.0105862,-0.0435297,0.0180479] [0,0,0]
200) [0,0,0][1.81339,7.45653,-3.09155]-> 8.2732
[-0.0108694,-0.0446943,0.0185307] [0,0,0]
210) [0,0,0][1.78965,7.35892,-3.05109]-> 8.16491
[-0.0111705,-0.0459324,0.019044] [0,0,0]
220) [0,0,0][1.76525,7.25857,-3.00948]-> 8.05357
[-0.0114913,-0.0472516,0.019591] [0,0,0]
230) [0,0,0][1.74013,7.15529,-2.96666]-> 7.93897
[-0.0118339,-0.0486601,0.020175] [0,0,0]
240) [0,0,0][1.71425,7.04887,-2.92253]-> 7.8209
[-0.0122005,-0.0501678,0.0208001] [0,0,0]
250) [0,0,0][1.68755,6.9391,-2.87702]-> 7.6991
[-0.012594,-0.0517855,0.0214708] [0,0,0]
260) [0,0,0][1.65998,6.82572,-2.83001]-> 7.57331
[-0.0130173,-0.0535262,0.0221925] [0,0,0]
270) [0,0,0][1.63146,6.70846,-2.78139]-> 7.4432
[-0.0134741,-0.0554044,0.0229712] [0,0,0]
280) [0,0,0][1.60192,6.58699,-2.73103]-> 7.30843
[-0.0139685,-0.0574373,0.0238141] [0,0,0]
290) [0,0,0][1.57128,6.46098,-2.67879]-> 7.16861
[-0.0145053,-0.059645,0.0247294] [0,0,0]
300) [0,0,0][1.53943,6.33001,-2.62449]-> 7.0233
[-0.0150904,-0.0620507,0.0257268] [0,0,0]
310) [0,0,0][1.50626,6.19364,-2.56795]-> 6.872
[-0.0157303,-0.064682,0.0268178] [0,0,0]
320) [0,0,0][1.47166,6.05135,-2.50895]-> 6.71413
[-0.016433,-0.0675713,0.0280157] [0,0,0]
330) [0,0,0][1.43547,5.90255,-2.44726]-> 6.54903
[-0.0172077,-0.0707569,0.0293365] [0,0,0]
340) [0,0,0][1.39753,5.74655,-2.38258]-> 6.37594
[-0.0180655,-0.074284,0.0307989] [0,0,0]
350) [0,0,0][1.35765,5.58257,-2.31459]-> 6.194
[-0.0190193,-0.078206,0.032425] [0,0,0]
360) [0,0,0][1.31561,5.4097,-2.24292]-> 6.0022
[-0.0200845,-0.0825861,0.034241] [0,0,0]
370) [0,0,0][1.27115,5.22688,-2.16712]-> 5.79936
[-0.0212779,-0.0874931,0.0362755] [0,0,0]
380) [0,0,0][1.22398,5.0329,-2.08669]-> 5.58413
[-0.0226191,-0.0930081,0.0385621] [0,0,0]
390) [0,0,0][1.17377,4.82648,-2.00111]-> 5.3551
[-0.0241032,-0.0991107,0.0410923] [0,0,0]
400) [0,0,0][1.12019,4.60612,-1.90975]-> 5.11061
[-0.0257771,-0.105994,0.0439461] [0,0,0]
410) [0,0,0][1.06281,4.37021,-1.81193]-> 4.84885
[-0.0276293,-0.11361,0.0471038] [0,0,0]
DOCKED
