0) [0,0,0][-5.29391,1.28884,-8.38531]-> 10
[-0.0183981,0.00447915,-0.0291417] [0,0,0]
10) [0,0,0][-5.33416,1.29864,-8.44906]-> 10.076
[-0.0180697,0.00439922,-0.0286216] [0,0,0]
20) [0,0,0][-5.37388,1.30831,-8.51198]-> 10.1511
[-0.0177511,0.00432163,-0.0281169] [0,0,0]
30) [0,0,0][-5.4131,1.31786,-8.5741]-> 10.2252
[-0.017444,0.00424686,-0.0276304] [0,0,0]
40) [0,0,0][-5.45183,1.32729,-8.63545]-> 10.2983
[-0.0171478,0.00417476,-0.0271613] [0,0,0]
50) [0,0,0][-5.49009,1.3366,-8.69605]-> 10.3706
[-0.016862,0.00410517,-0.0267086] [0,0,0]
60) [0,0,0][-5.52789,1.34581,-8.75592]-> 10.442
[-0.0165859,0.00403797,-0.0262714] [0,0,0]
70) [0,0,0][-5.56524,1.3549,-8.81508]-> 10.5125
[-0.0163192,0.00397303,-0.0258489] [0,0,0]
80) [0,0,0][-5.60216,1.36389,-8.87356]-> 10.5823
[-0.0160613,0.00391023,-0.0254403] [0,0,0]
90) [0,0,0][-5.63866,1.37277,-8.93137]-> 10.6512
[-0.0158117,0.00384947,-0.025045] [0,0,0]
100) [0,0,0][-5.67475,1.38156,-8.98853]-> 10.7194
[-0.01557,0.00379064,-0.0246622] [0,0,0]
110) [0,0,0][-5.71044,1.39025,-9.04507]-> 10.7868
[-0.015336,0.00373365,-0.0242914] [0,0,0]
120) [0,0,0][-5.74575,1.39885,-9.101]-> 10.8535
[-0.0151091,0.00367842,-0.0239321] [0,0,0]
130) [0,0,0][-5.78068,1.40735,-9.15633]-> 10.9195
[-0.0148891,0.00362485,-0.0235836] [0,0,0]
140) [0,0,0][-5.81525,1.41577,-9.21108]-> 10.9848
[-0.0146756,0.00357288,-0.0232455] [0,0,0]
150) [0,0,0][-5.84946,1.4241,-9.26527]-> 11.0494
[-0.0144684,0.00352243,-0.0229172] [0,0,0]
160) [0,0,0][-5.88333,1.43234,-9.31891]-> 11.1134
[-0.0142671,0.00347344,-0.0225984] [0,0,0]
170) [0,0,0][-5.91685,1.4405,-9.37202]-> 11.1767
[-0.0140716,0.00342583,-0.0222887] [0,0,0]
180) [0,0,0][-5.95005,1.44858,-9.4246]-> 11.2394
[-0.0138815,0.00337955,-0.0219876] [0,0,0]
190) [0,0,0][-5.98292,1.45659,-9.47667]-> 11.3015
[-0.0136966,0.00333454,-0.0216948] [0,0,0]
200) [0,0,0][-6.01549,1.46452,-9.52825]-> 11.363
[-0.0135168,0.00329076,-0.0214099] [0,0,0]
210) [0,0,0][-6.04774,1.47237,-9.57934]-> 11.424
[-0.0133417,0.00324814,-0.0211326] [0,0,0]
220) [0,0,0][-6.0797,1.48015,-9.62996]-> 11.4843
[-0.0131713,0.00320664,-0.0208627] [0,0,0]
230) [0,0,0][-6.11136,1.48786,-9.68011]-> 11.5441
[-0.0130052,0.00316622,-0.0205997] [0,0,0]
240) [0,0,0][-6.14273,1.4955,-9.72981]-> 11.6034
[-0.0128435,0.00312684,-0.0203435] [0,0,0]
250) [0,0,0][-6.17383,1.50307,-9.77906]-> 11.6621
[-0.0126858,0.00308845,-0.0200937] [0,0,0]
260) [0,0,0][-6.20466,1.51057,-9.82789]-> 11.7204
[-0.012532,0.00305101,-0.0198501] [0,0,0]
270) [0,0,0][-6.23521,1.51801,-9.87629]-> 11.7781
[-0.012382,0.00301449,-0.0196125] [0,0,0]
280) [0,0,0][-6.26551,1.52538,-9.92427]-> 11.8353
[-0.0122357,0.00297886,-0.0193807] [0,0,0]
290) [0,0,0][-6.29554,1.5327,-9.97185]-> 11.892
[-0.0120928,0.00294408,-0.0191544] [0,0,0]
300) [0,0,0][-6.32533,1.53995,-10.019]-> 11.9483
[-0.0119533,0.00291012,-0.0189335] [0,0,0]
310) [0,0,0][-6.35487,1.54714,-10.0658]-> 12.0041
[-0.0118171,0.00287696,-0.0187177] [0,0,0]
320) [0,0,0][-6.38417,1.55428,-10.1122]-> 12.0595
[-0.011684,0.00284455,-0.0185069] [0,0,0]
330) [0,0,0][-6.41324,1.56135,-10.1583]-> 12.1144
[-0.0115539,0.00281289,-0.0183009] [0,0,0]
340) [0,0,0][-6.44207,1.56837,-10.2039]-> 12.1688
[-0.0114268,0.00278193,-0.0180995] [0,0,0]
350) [0,0,0][-6.47068,1.57533,-10.2493]-> 12.2229
[-0.0113024,0.00275167,-0.0179026] [0,0,0]
360) [0,0,0][-6.49906,1.58225,-10.2942]-> 12.2765
[-0.0111809,0.00272206,-0.0177099] [0,0,0]
370) [0,0,0][-6.52722,1.5891,-10.3388]-> 12.3297
[-0.0110619,0.0026931,-0.0175215] [0,0,0]
380) [0,0,0][-6.55518,1.59591,-10.3831]-> 12.3825
[-0.0109455,0.00266476,-0.0173371] [0,0,0]
390) [0,0,0][-6.58292,1.60266,-10.427]-> 12.4349
[-0.0108315,0.00263702,-0.0171567] [0,0,0]
400) [0,0,0][-6.61045,1.60936,-10.4706]-> 12.4869
[-0.01072,0.00260986,-0.01698] [0,0,0]
410) [0,0,0][-6.63778,1.61602,-10.5139]-> 12.5385
[-0.0106107,0.00258326,-0.0168069] [0,0,0]
420) [0,0,0][-6.66491,1.62262,-10.5569]-> 12.5898
[-0.0105037,0.00255721,-0.0166374] [0,0,0]
430) [0,0,0][-6.69185,1.62918,-10.5996]-> 12.6407
[-0.0103989,0.00253169,-0.0164714] [0,0,0]
440) [0,0,0][-6.71859,1.63569,-10.6419]-> 12.6912
[-0.0102962,0.00250668,-0.0163086] [0,0,0]
450) [0,0,0][-6.74515,1.64216,-10.684]-> 12.7413
[-0.0101955,0.00248216,-0.0161491] [0,0,0]
460) [0,0,0][-6.77152,1.64858,-10.7258]-> 12.7912
[-0.0100967,0.00245812,-0.0159927] [0,0,0]
470) [0,0,0][-6.79771,1.65495,-10.7673]-> 12.8406
[-0.00999992,0.00243456,-0.0158394] [0,0,0]
480) [0,0,0][-6.82372,1.66129,-10.8085]-> 12.8897
[-0.00990498,0.00241144,-0.015689] [0,0,0]
490) [0,0,0][-6.84955,1.66757,-10.8494]-> 12.9385
[-0.00981184,0.00238877,-0.0155415] [0,0,0]
500) [0,0,0][-6.87521,1.67382,-10.89]-> 12.987
[-0.00972046,0.00236652,-0.0153968] [0,0,0]
510) [0,0,0][-6.9007,1.68003,-10.9304]-> 13.0352
[-0.00963078,0.00234469,-0.0152547] [0,0,0]
520) [0,0,0][-6.92602,1.68619,-10.9705]-> 13.083
[-0.00954276,0.00232326,-0.0151153] [0,0,0]
530) [0,0,0][-6.95117,1.69231,-11.0103]-> 13.1305
[-0.00945635,0.00230222,-0.0149784] [0,0,0]
540) [0,0,0][-6.97616,1.6984,-11.0499]-> 13.1777
[-0.0093715,0.00228156,-0.014844] [0,0,0]
550) [0,0,0][-7.001,1.70445,-11.0893]-> 13.2246
[-0.00928817,0.00226128,-0.014712] [0,0,0]
560) [0,0,0][-7.02567,1.71045,-11.1283]-> 13.2712
[-0.00920633,0.00224135,-0.0145824] [0,0,0]
570) [0,0,0][-7.05019,1.71642,-11.1672]-> 13.3175
[-0.00912593,0.00222178,-0.014455] [0,0,0]
580) [0,0,0][-7.07455,1.72235,-11.2058]-> 13.3636
[-0.00904693,0.00220254,-0.0143299] [0,0,0]
590) [0,0,0][-7.09877,1.72825,-11.2441]-> 13.4093
[-0.00896929,0.00218364,-0.0142069] [0,0,0]
600) [0,0,0][-7.12284,1.73411,-11.2822]-> 13.4548
[-0.00889298,0.00216506,-0.0140861] [0,0,0]
610) [0,0,0][-7.14676,1.73993,-11.3201]-> 13.5
[-0.00881797,0.0021468,-0.0139673] [0,0,0]
620) [0,0,0][-7.17053,1.74572,-11.3578]-> 13.5449
[-0.00874423,0.00212885,-0.0138504] [0,0,0]
630) [0,0,0][-7.19417,1.75147,-11.3952]-> 13.5895
[-0.00867171,0.00211119,-0.0137356] [0,0,0]
640) [0,0,0][-7.21766,1.75719,-11.4324]-> 13.6339
[-0.00860039,0.00209383,-0.0136226] [0,0,0]
650) [0,0,0][-7.24102,1.76288,-11.4694]-> 13.678
[-0.00853023,0.00207675,-0.0135115] [0,0,0]
660) [0,0,0][-7.26424,1.76853,-11.5062]-> 13.7219
[-0.00846122,0.00205995,-0.0134022] [0,0,0]
670) [0,0,0][-7.28733,1.77416,-11.5428]-> 13.7655
[-0.00839332,0.00204342,-0.0132946] [0,0,0]
680) [0,0,0][-7.31028,1.77974,-11.5791]-> 13.8089
[-0.0083265,0.00202715,-0.0131888] [0,0,0]
690) [0,0,0][-7.33311,1.7853,-11.6153]-> 13.852
[-0.00826074,0.00201114,-0.0130846] [0,0,0]
700) [0,0,0][-7.3558,1.79083,-11.6513]-> 13.8948
[-0.00819602,0.00199538,-0.0129821] [0,0,0]
710) [0,0,0][-7.37837,1.79632,-11.687]-> 13.9375
[-0.0081323,0.00197987,-0.0128812] [0,0,0]
720) [0,0,0][-7.40081,1.80178,-11.7225]-> 13.9799
[-0.00806957,0.0019646,-0.0127818] [0,0,0]
730) [0,0,0][-7.42313,1.80722,-11.7579]-> 14.022
[-0.0080078,0.00194956,-0.012684] [0,0,0]
740) [0,0,0][-7.44533,1.81262,-11.7931]-> 14.064
[-0.00794697,0.00193475,-0.0125876] [0,0,0]
750) [0,0,0][-7.46741,1.818,-11.828]-> 14.1057
[-0.00788705,0.00192016,-0.0124927] [0,0,0]
760) [0,0,0][-7.48937,1.82334,-11.8628]-> 14.1471
[-0.00782803,0.00190579,-0.0123992] [0,0,0]
770) [0,0,0][-7.51121,1.82866,-11.8974]-> 14.1884
[-0.00776989,0.00189164,-0.0123072] [0,0,0]
780) [0,0,0][-7.53293,1.83395,-11.9318]-> 14.2294
[-0.00771261,0.00187769,-0.0122164] [0,0,0]
790) [0,0,0][-7.55454,1.83921,-11.966]-> 14.2703
[-0.00765616,0.00186395,-0.012127] [0,0,0]
800) [0,0,0][-7.57604,1.84444,-12.0001]-> 14.3109
[-0.00760053,0.00185041,-0.0120389] [0,0,0]
810) [0,0,0][-7.59743,1.84965,-12.034]-> 14.3513
[-0.00754571,0.00183706,-0.0119521] [0,0,0]
820) [0,0,0][-7.6187,1.85483,-12.0677]-> 14.3914
[-0.00749166,0.0018239,-0.0118664] [0,0,0]
830) [0,0,0][-7.63987,1.85998,-12.1012]-> 14.4314
[-0.00743839,0.00181093,-0.0117821] [0,0,0]
840) [0,0,0][-7.66093,1.86511,-12.1346]-> 14.4712
[-0.00738586,0.00179814,-0.0116989] [0,0,0]
850) [0,0,0][-7.68188,1.87021,-12.1677]-> 14.5108
[-0.00733407,0.00178553,-0.0116168] [0,0,0]
860) [0,0,0][-7.70273,1.87529,-12.2008]-> 14.5502
[-0.007283,0.0017731,-0.0115359] [0,0,0]
870) [0,0,0][-7.72348,1.88034,-12.2336]-> 14.5894
[-0.00723263,0.00176084,-0.0114561] [0,0,0]
880) [0,0,0][-7.74412,1.88536,-12.2663]-> 14.6284
[-0.00718295,0.00174874,-0.0113775] [0,0,0]
890) [0,0,0][-7.76466,1.89036,-12.2989]-> 14.6672
[-0.00713394,0.00173681,-0.0112998] [0,0,0]
900) [0,0,0][-7.7851,1.89534,-12.3312]-> 14.7058
[-0.0070856,0.00172504,-0.0112233] [0,0,0]
910) [0,0,0][-7.80544,1.90029,-12.3635]-> 14.7442
[-0.0070379,0.00171343,-0.0111477] [0,0,0]
920) [0,0,0][-7.82569,1.90522,-12.3955]-> 14.7824
[-0.00699084,0.00170197,-0.0110732] [0,0,0]
930) [0,0,0][-7.84583,1.91013,-12.4274]-> 14.8205
[-0.0069444,0.00169067,-0.0109996] [0,0,0]
940) [0,0,0][-7.86588,1.91501,-12.4592]-> 14.8584
[-0.00689857,0.00167951,-0.010927] [0,0,0]
950) [0,0,0][-7.88584,1.91987,-12.4908]-> 14.8961
[-0.00685334,0.0016685,-0.0108554] [0,0,0]
960) [0,0,0][-7.90571,1.9247,-12.5223]-> 14.9336
[-0.00680869,0.00165763,-0.0107846] [0,0,0]
970) [0,0,0][-7.92548,1.92952,-12.5536]-> 14.9709
[-0.00676461,0.0016469,-0.0107148] [0,0,0]
980) [0,0,0][-7.94516,1.93431,-12.5848]-> 15.0081
[-0.0067211,0.0016363,-0.0106459] [0,0,0]
990) [0,0,0][-7.96475,1.93908,-12.6158]-> 15.0451
[-0.00667814,0.00162584,-0.0105779] [0,0,0]
1000) [0,0,0][-7.98424,1.94382,-12.6467]-> 15.0819
[-0.00663573,0.00161552,-0.0105107] [0,0,0]
1010) [0,0,0][-8.00366,1.94855,-12.6774]-> 15.1186
[-0.00659384,0.00160532,-0.0104443] [0,0,0]
1020) [0,0,0][-8.02298,1.95325,-12.708]-> 15.1551
[-0.00655247,0.00159525,-0.0103788] [0,0,0]
1030) [0,0,0][-8.04222,1.95794,-12.7385]-> 15.1914
[-0.00651162,0.0015853,-0.0103141] [0,0,0]
1040) [0,0,0][-8.06137,1.9626,-12.7688]-> 15.2276
[-0.00647127,0.00157548,-0.0102502] [0,0,0]
1050) [0,0,0][-8.08043,1.96724,-12.799]-> 15.2636
[-0.00643141,0.00156577,-0.0101871] [0,0,0]
1060) [0,0,0][-8.09942,1.97186,-12.8291]-> 15.2995
[-0.00639203,0.00155619,-0.0101247] [0,0,0]
1070) [0,0,0][-8.11832,1.97647,-12.859]-> 15.3352
[-0.00635313,0.00154672,-0.0100631] [0,0,0]
1080) [0,0,0][-8.13713,1.98105,-12.8888]-> 15.3707
[-0.00631469,0.00153736,-0.0100022] [0,0,0]
1090) [0,0,0][-8.15587,1.98561,-12.9185]-> 15.4061
[-0.00627672,0.00152811,-0.00994203] [0,0,0]
1100) [0,0,0][-8.17452,1.99015,-12.9481]-> 15.4414
[-0.00623919,0.00151898,-0.00988258] [0,0,0]
1110) [0,0,0][-8.1931,1.99467,-12.9775]-> 15.4765
[-0.0062021,0.00150995,-0.00982384] [0,0,0]
1120) [0,0,0][-8.21159,1.99917,-13.0068]-> 15.5114
[-0.00616545,0.00150102,-0.00976578] [0,0,0]
1130) [0,0,0][-8.23001,2.00366,-13.036]-> 15.5462
[-0.00612922,0.0014922,-0.0097084] [0,0,0]
1140) [0,0,0][-8.24835,2.00812,-13.065]-> 15.5808
[-0.00609341,0.00148349,-0.00965168] [0,0,0]
1150) [0,0,0][-8.26662,2.01257,-13.0939]-> 15.6153
[-0.00605801,0.00147487,-0.00959561] [0,0,0]
1160) [0,0,0][-8.28481,2.017,-13.1227]-> 15.6497
[-0.00602302,0.00146635,-0.00954018] [0,0,0]
1170) [0,0,0][-8.30292,2.02141,-13.1514]-> 15.6839
[-0.00598842,0.00145793,-0.00948538] [0,0,0]
1180) [0,0,0][-8.32096,2.0258,-13.18]-> 15.718
[-0.00595421,0.0014496,-0.0094312] [0,0,0]
1190) [0,0,0][-8.33892,2.03017,-13.2085]-> 15.7519
[-0.00592039,0.00144136,-0.00937762] [0,0,0]
1200) [0,0,0][-8.35681,2.03453,-13.2368]-> 15.7857
[-0.00588694,0.00143322,-0.00932465] [0,0,0]
1210) [0,0,0][-8.37463,2.03887,-13.265]-> 15.8194
[-0.00585387,0.00142517,-0.00927226] [0,0,0]
1220) [0,0,0][-8.39238,2.04319,-13.2931]-> 15.8529
[-0.00582116,0.00141721,-0.00922045] [0,0,0]
1230) [0,0,0][-8.41006,2.04749,-13.3211]-> 15.8863
[-0.00578881,0.00140933,-0.0091692] [0,0,0]
1240) [0,0,0][-8.42766,2.05178,-13.349]-> 15.9195
[-0.00575681,0.00140154,-0.00911852] [0,0,0]
1250) [0,0,0][-8.4452,2.05605,-13.3768]-> 15.9527
[-0.00572516,0.00139383,-0.00906838] [0,0,0]
1260) [0,0,0][-8.46267,2.0603,-13.4045]-> 15.9857
[-0.00569385,0.00138621,-0.00901879] [0,0,0]
1270) [0,0,0][-8.48007,2.06454,-13.432]-> 16.0185
[-0.00566287,0.00137867,-0.00896972] [0,0,0]
1280) [0,0,0][-8.4974,2.06876,-13.4595]-> 16.0513
[-0.00563223,0.00137121,-0.00892118] [0,0,0]
1290) [0,0,0][-8.51466,2.07296,-13.4868]-> 16.0839
[-0.00560191,0.00136383,-0.00887316] [0,0,0]
1300) [0,0,0][-8.53186,2.07715,-13.5141]-> 16.1164
[-0.00557191,0.00135652,-0.00882564] [0,0,0]
1310) [0,0,0][-8.54899,2.08132,-13.5412]-> 16.1487
[-0.00554222,0.0013493,-0.00877862] [0,0,0]
1320) [0,0,0][-8.56606,2.08547,-13.5682]-> 16.181
[-0.00551285,0.00134214,-0.00873209] [0,0,0]
1330) [0,0,0][-8.58306,2.08961,-13.5952]-> 16.2131
[-0.00548377,0.00133507,-0.00868604] [0,0,0]
1340) [0,0,0][-8.6,2.09373,-13.622]-> 16.2451
[-0.005455,0.00132806,-0.00864047] [0,0,0]
1350) [0,0,0][-8.61687,2.09784,-13.6487]-> 16.277
[-0.00542653,0.00132113,-0.00859537] [0,0,0]
1360) [0,0,0][-8.63368,2.10194,-13.6754]-> 16.3087
[-0.00539834,0.00131427,-0.00855073] [0,0,0]
1370) [0,0,0][-8.65043,2.10601,-13.7019]-> 16.3403
[-0.00537045,0.00130748,-0.00850654] [0,0,0]
1380) [0,0,0][-8.66712,2.11008,-13.7283]-> 16.3719
[-0.00534283,0.00130075,-0.0084628] [0,0,0]
1390) [0,0,0][-8.68374,2.11412,-13.7546]-> 16.4033
[-0.00531549,0.0012941,-0.0084195] [0,0,0]
1400) [0,0,0][-8.70031,2.11816,-13.7809]-> 16.4346
[-0.00528843,0.00128751,-0.00837663] [0,0,0]
1410) [0,0,0][-8.71681,2.12217,-13.807]-> 16.4657
[-0.00526163,0.00128098,-0.00833418] [0,0,0]
1420) [0,0,0][-8.73325,2.12618,-13.8331]-> 16.4968
[-0.0052351,0.00127453,-0.00829216] [0,0,0]
1430) [0,0,0][-8.74964,2.13016,-13.859]-> 16.5277
[-0.00520884,0.00126813,-0.00825056] [0,0,0]
1440) [0,0,0][-8.76596,2.13414,-13.8849]-> 16.5586
[-0.00518283,0.0012618,-0.00820936] [0,0,0]
1450) [0,0,0][-8.78223,2.1381,-13.9106]-> 16.5893
[-0.00515707,0.00125553,-0.00816856] [0,0,0]
1460) [0,0,0][-8.79844,2.14205,-13.9363]-> 16.6199
[-0.00513156,0.00124932,-0.00812816] [0,0,0]
1470) [0,0,0][-8.81459,2.14598,-13.9619]-> 16.6504
[-0.0051063,0.00124317,-0.00808815] [0,0,0]
1480) [0,0,0][-8.83068,2.1499,-13.9874]-> 16.6808
[-0.00508129,0.00123708,-0.00804852] [0,0,0]
1490) [0,0,0][-8.84672,2.1538,-14.0128]-> 16.7111
[-0.00505651,0.00123104,-0.00800927] [0,0,0]
1500) [0,0,0][-8.8627,2.15769,-14.0381]-> 16.7413
[-0.00503197,0.00122507,-0.0079704] [0,0,0]
